{
  "version": "1.5.0",
  "plugins_used": [
    { "name": "ArtifactoryDetector" },
    { "name": "AWSKeyDetector" },
    { "name": "AzureStorageKeyDetector" },
    { "name": "Base64HighEntropyString", "limit": 4.5 },
    { "name": "BasicAuthDetector" },
    { "name": "CloudantDetector" },
    { "name": "DiscordBotTokenDetector" },
    { "name": "GitHubTokenDetector" },
    { "name": "GitLabTokenDetector" },
    { "name": "HexHighEntropyString", "limit": 3.0 },
    { "name": "IbmCloudIamDetector" },
    { "name": "IbmCosHmacDetector" },
    { "name": "IPPublicDetector" },
    { "name": "JwtTokenDetector" },
    { "name": "KeywordDetector", "keyword_exclude": "" },
    { "name": "MailchimpDetector" },
    { "name": "NpmDetector" },
    { "name": "OpenAIDetector" },
    { "name": "PrivateKeyDetector" },
    { "name": "PypiTokenDetector" },
    { "name": "SendGridDetector" },
    { "name": "SlackDetector" },
    { "name": "SoftlayerDetector" },
    { "name": "SquareOAuthDetector" },
    { "name": "StripeDetector" },
    { "name": "TelegramBotTokenDetector" },
    { "name": "TwilioKeyDetector" }
  ],
  "filters_used": [
    { "path": "detect_secrets.filters.allowlist.is_line_allowlisted" },
    {
      "path": "detect_secrets.filters.common.is_ignored_due_to_verification_policies",
      "min_level": 2
    },
    { "path": "detect_secrets.filters.heuristic.is_indirect_reference" },
    { "path": "detect_secrets.filters.heuristic.is_likely_id_string" },
    { "path": "detect_secrets.filters.heuristic.is_lock_file" },
    { "path": "detect_secrets.filters.heuristic.is_not_alphanumeric_string" },
    { "path": "detect_secrets.filters.heuristic.is_potential_uuid" },
    { "path": "detect_secrets.filters.heuristic.is_prefixed_with_dollar_sign" },
    { "path": "detect_secrets.filters.heuristic.is_sequential_string" },
    { "path": "detect_secrets.filters.heuristic.is_swagger_file" },
    { "path": "detect_secrets.filters.heuristic.is_templated_secret" },
    {
      "path": "detect_secrets.filters.regex.should_exclude_file",
      "pattern": [
        "(^|[\\\\/])(\\.git|\\.venv|\\.tools)([\\\\/]|$)|^uv\\.lock$"
      ]
    }
  ],
  "results": {
    "quality\\v03-bcr1-result.json": [
      {
        "type": "Hex High Entropy String",
        "filename": "quality\\v03-bcr1-result.json",
        "hashed_secret": "20a9d69ca01eb6a7217c9264952831065b07d27f",
        "is_verified": false,
        "line_number": 41
      }
    ],
    "quality\\v10-s6-cei-result.json": [
      {
        "type": "Hex High Entropy String",
        "filename": "quality\\v10-s6-cei-result.json",
        "hashed_secret": "93ad28fe5a0ed021eab94d12e047aeb24a9e14f4",
        "is_verified": false,
        "line_number": 42,
        "is_secret": false
      },
      {
        "type": "Hex High Entropy String",
        "filename": "quality\\v10-s6-cei-result.json",
        "hashed_secret": "f77670979679202e7293ad1e76601a77c470b94f",
        "is_verified": false,
        "line_number": 27,
        "is_secret": false
      },
      {
        "type": "Hex High Entropy String",
        "filename": "quality\\v10-s6-cei-result.json",
        "hashed_secret": "4511e68de2f713406db36b2f512b613fd0f864d7",
        "is_verified": false,
        "line_number": 198,
        "is_secret": false
      },
      {
        "type": "Hex High Entropy String",
        "filename": "quality\\v10-s6-cei-result.json",
        "hashed_secret": "a86e699d2e65e9b92ba1cae1ac9479f24b50515b",
        "is_verified": false,
        "line_number": 126,
        "is_secret": false
      },
      {
        "type": "Hex High Entropy String",
        "filename": "quality\\v10-s6-cei-result.json",
        "hashed_secret": "7c3e3a8a49e0a1bf34edd88ccbff45f9ec86b7bf",
        "is_verified": false,
        "line_number": 199,
        "is_secret": false
      },
      {
        "type": "Hex High Entropy String",
        "filename": "quality\\v10-s6-cei-result.json",
        "hashed_secret": "617e53e2a776c0102733d402ea122dbfe3fa4a15",
        "is_verified": false,
        "line_number": 43,
        "is_secret": false
      },
      {
        "type": "Hex High Entropy String",
        "filename": "quality\\v10-s6-cei-result.json",
        "hashed_secret": "0586801e89e6fdedd33f9b764ff4e7419efee5a7",
        "is_verified": false,
        "line_number": 323,
        "is_secret": false
      },
      {
        "type": "Hex High Entropy String",
        "filename": "quality\\v10-s6-cei-result.json",
        "hashed_secret": "523fabd9abb51421520110d5195b0d1fa00d00f0",
        "is_verified": false,
        "line_number": 122,
        "is_secret": false
      }
    ],
    "quality\\v10-s2r2-n9-retest.json": [
      {
        "type": "Hex High Entropy String",
        "filename": "quality\\v10-s2r2-n9-retest.json",
        "hashed_secret": "b6efa6c20a8f109189dfb7ddbfb5d6f33ab31d31",
        "is_verified": false,
        "line_number": 214,
        "is_secret": false
      },
      {
        "type": "Hex High Entropy String",
        "filename": "quality\\v10-s2r2-n9-retest.json",
        "hashed_secret": "2dda31a07ba135e52f25246e47f5b9cd36c86d8b",
        "is_verified": false,
        "line_number": 1287,
        "is_secret": false
      },
      {
        "type": "Hex High Entropy String",
        "filename": "quality\\v10-s2r2-n9-retest.json",
        "hashed_secret": "588a92907d71e9c2ffba58067f28b8a9cbe88748",
        "is_verified": false,
        "line_number": 2373,
        "is_secret": false
      },
      {
        "type": "Hex High Entropy String",
        "filename": "quality\\v10-s2r2-n9-retest.json",
        "hashed_secret": "b1ef01524d7f7bf24ef70f32884de87f7da9c581",
        "is_verified": false,
        "line_number": 736,
        "is_secret": false
      },
      {
        "type": "Hex High Entropy String",
        "filename": "quality\\v10-s2r2-n9-retest.json",
        "hashed_secret": "1691aae4dc3c108557aa2e3f14635f98c93f0f3c",
        "is_verified": false,
        "line_number": 1031,
        "is_secret": false
      },
      {
        "type": "Hex High Entropy String",
        "filename": "quality\\v10-s2r2-n9-retest.json",
        "hashed_secret": "950699af14b3f4756160d93f78fb258728bb4f98",
        "is_verified": false,
        "line_number": 455,
        "is_secret": false
      },
      {
        "type": "Hex High Entropy String",
        "filename": "quality\\v10-s2r2-n9-retest.json",
        "hashed_secret": "7c3e3a8a49e0a1bf34edd88ccbff45f9ec86b7bf",
        "is_verified": false,
        "line_number": 215,
        "is_secret": false
      },
      {
        "type": "Hex High Entropy String",
        "filename": "quality\\v10-s2r2-n9-retest.json",
        "hashed_secret": "5d60f91c50edf27c3a2828b3e23503db1c80fcdf",
        "is_verified": false,
        "line_number": 459,
        "is_secret": false
      },
      {
        "type": "Hex High Entropy String",
        "filename": "quality\\v10-s2r2-n9-retest.json",
        "hashed_secret": "49a9782aaed26faef4744c79c6c1c60f168e896f",
        "is_verified": false,
        "line_number": 1533,
        "is_secret": false
      },
      {
        "type": "Hex High Entropy String",
        "filename": "quality\\v10-s2r2-n9-retest.json",
        "hashed_secret": "47ff50a1f12bbe184bf40ffc0dc2cece138dad85",
        "is_verified": false,
        "line_number": 2038,
        "is_secret": false
      },
      {
        "type": "Hex High Entropy String",
        "filename": "quality\\v10-s2r2-n9-retest.json",
        "hashed_secret": "cbf55d6a74ef8bffbdd08aa58148c9794da28be7",
        "is_verified": false,
        "line_number": 12,
        "is_secret": false
      },
      {
        "type": "Hex High Entropy String",
        "filename": "quality\\v10-s2r2-n9-retest.json",
        "hashed_secret": "962284f2b6610c91cc0a0ad7c83b196ff9cc7993",
        "is_verified": false,
        "line_number": 1621,
        "is_secret": false
      },
      {
        "type": "Hex High Entropy String",
        "filename": "quality\\v10-s2r2-n9-retest.json",
        "hashed_secret": "a864d72db6ef48104e4e4472c47a744b0d918ec0",
        "is_verified": false,
        "line_number": 2629,
        "is_secret": false
      },
      {
        "type": "Hex High Entropy String",
        "filename": "quality\\v10-s2r2-n9-retest.json",
        "hashed_secret": "0c8e1e268e5f15ef1c6cc5b71c2a73ffbf733a13",
        "is_verified": false,
        "line_number": 1789,
        "is_secret": false
      },
      {
        "type": "Hex High Entropy String",
        "filename": "quality\\v10-s2r2-n9-retest.json",
        "hashed_secret": "f89fec1151ea7e7452aa5c79cf3d8b5132d5cc7e",
        "is_verified": false,
        "line_number": 2541,
        "is_secret": false
      },
      {
        "type": "Hex High Entropy String",
        "filename": "quality\\v10-s2r2-n9-retest.json",
        "hashed_secret": "ef8c8aafbe9d7478447615fb5cdecbf6dee5ff15",
        "is_verified": false,
        "line_number": 2125,
        "is_secret": false
      },
      {
        "type": "Hex High Entropy String",
        "filename": "quality\\v10-s2r2-n9-retest.json",
        "hashed_secret": "facddd44f2e4dd87168c3526c1bc283e46f637b5",
        "is_verified": false,
        "line_number": 2374,
        "is_secret": false
      },
      {
        "type": "Hex High Entropy String",
        "filename": "quality\\v10-s2r2-n9-retest.json",
        "hashed_secret": "85948c557141ef5b3a3fa3c968c2b3043bb84173",
        "is_verified": false,
        "line_number": 1117,
        "is_secret": false
      },
      {
        "type": "Hex High Entropy String",
        "filename": "quality\\v10-s2r2-n9-retest.json",
        "hashed_secret": "755ff04759e7b2a53c35ecadd217161dbc66d0c6",
        "is_verified": false,
        "line_number": 1199,
        "is_secret": false
      },
      {
        "type": "Hex High Entropy String",
        "filename": "quality\\v10-s2r2-n9-retest.json",
        "hashed_secret": "965464293c21f85ffe87d68886c9f8dcfcd8c2a6",
        "is_verified": false,
        "line_number": 1702,
        "is_secret": false
      },
      {
        "type": "Hex High Entropy String",
        "filename": "quality\\v10-s2r2-n9-retest.json",
        "hashed_secret": "5c2abd5889909e8db72d9b9808e8f8b8690eac21",
        "is_verified": false,
        "line_number": 8,
        "is_secret": false
      },
      {
        "type": "Hex High Entropy String",
        "filename": "quality\\v10-s2r2-n9-retest.json",
        "hashed_secret": "d81e95af97a98d5c9637244e71380f2c6ead307c",
        "is_verified": false,
        "line_number": 24,
        "is_secret": false
      },
      {
        "type": "Hex High Entropy String",
        "filename": "quality\\v10-s2r2-n9-retest.json",
        "hashed_secret": "30dd24810ee5c323ff1a89304cd2f18b66060db1",
        "is_verified": false,
        "line_number": 2206,
        "is_secret": false
      },
      {
        "type": "Hex High Entropy String",
        "filename": "quality\\v10-s2r2-n9-retest.json",
        "hashed_secret": "1a071ba84b2e345184b11d94a84b9577fedcb8c0",
        "is_verified": false,
        "line_number": 339,
        "is_secret": false
      },
      {
        "type": "Hex High Entropy String",
        "filename": "quality\\v10-s2r2-n9-retest.json",
        "hashed_secret": "446d7fe63eb7ab09fe6c7fe4bc61c000e0a6b028",
        "is_verified": false,
        "line_number": 1367,
        "is_secret": false
      },
      {
        "type": "Hex High Entropy String",
        "filename": "quality\\v10-s2r2-n9-retest.json",
        "hashed_secret": "99d08a0bc61c8d75907a950abb977a23bddb70fe",
        "is_verified": false,
        "line_number": 142,
        "is_secret": false
      },
      {
        "type": "Hex High Entropy String",
        "filename": "quality\\v10-s2r2-n9-retest.json",
        "hashed_secret": "3349e7f115f72f728ac9be0366725e3cbc0d0966",
        "is_verified": false,
        "line_number": 16,
        "is_secret": false
      },
      {
        "type": "Hex High Entropy String",
        "filename": "quality\\v10-s2r2-n9-retest.json",
        "hashed_secret": "bfa479f61e674919177950949468a5c1b135b185",
        "is_verified": false,
        "line_number": 656,
        "is_secret": false
      },
      {
        "type": "Hex High Entropy String",
        "filename": "quality\\v10-s2r2-n9-retest.json",
        "hashed_secret": "6e29e7b5425b8f3d3b73ceae4df03cae084c3170",
        "is_verified": false,
        "line_number": 58,
        "is_secret": false
      },
      {
        "type": "Hex High Entropy String",
        "filename": "quality\\v10-s2r2-n9-retest.json",
        "hashed_secret": "a1de2044666932e23f0655a1d9ef100b19c1d208",
        "is_verified": false,
        "line_number": 2037,
        "is_secret": false
      },
      {
        "type": "Hex High Entropy String",
        "filename": "quality\\v10-s2r2-n9-retest.json",
        "hashed_secret": "617e53e2a776c0102733d402ea122dbfe3fa4a15",
        "is_verified": false,
        "line_number": 59,
        "is_secret": false
      },
      {
        "type": "Hex High Entropy String",
        "filename": "quality\\v10-s2r2-n9-retest.json",
        "hashed_secret": "e6926f12c207bf83f2fddd656bc8dcc5948a437a",
        "is_verified": false,
        "line_number": 1701,
        "is_secret": false
      },
      {
        "type": "Hex High Entropy String",
        "filename": "quality\\v10-s2r2-n9-retest.json",
        "hashed_secret": "9b54493363ad01e79cc2c46b823df463e7972949",
        "is_verified": false,
        "line_number": 1870,
        "is_secret": false
      },
      {
        "type": "Hex High Entropy String",
        "filename": "quality\\v10-s2r2-n9-retest.json",
        "hashed_secret": "7931ab491161cf129aef9c084b0208367073c324",
        "is_verified": false,
        "line_number": 2542,
        "is_secret": false
      },
      {
        "type": "Hex High Entropy String",
        "filename": "quality\\v10-s2r2-n9-retest.json",
        "hashed_secret": "a8287663221df9b16c4638ad4da34392ce510a98",
        "is_verified": false,
        "line_number": 1957,
        "is_secret": false
      },
      {
        "type": "Hex High Entropy String",
        "filename": "quality\\v10-s2r2-n9-retest.json",
        "hashed_secret": "61acdd30307e35ad1926da4f977ab368474d9fad",
        "is_verified": false,
        "line_number": 138,
        "is_secret": false
      },
      {
        "type": "Hex High Entropy String",
        "filename": "quality\\v10-s2r2-n9-retest.json",
        "hashed_secret": "bd590846ce3f6d65c52c1f2675640d71276f3d9a",
        "is_verified": false,
        "line_number": 878,
        "is_secret": false
      },
      {
        "type": "Hex High Entropy String",
        "filename": "quality\\v10-s2r2-n9-retest.json",
        "hashed_secret": "d0a2b127065e3223a7073d4c9193beca0ce3119f",
        "is_verified": false,
        "line_number": 2293,
        "is_secret": false
      },
      {
        "type": "Hex High Entropy String",
        "filename": "quality\\v10-s2r2-n9-retest.json",
        "hashed_secret": "1d2a766be843916074fb829bee3a71324c1e85f6",
        "is_verified": false,
        "line_number": 1534,
        "is_secret": false
      },
      {
        "type": "Hex High Entropy String",
        "filename": "quality\\v10-s2r2-n9-retest.json",
        "hashed_secret": "180d607a59b05d0308a0003dac3e79e9fb027d12",
        "is_verified": false,
        "line_number": 951,
        "is_secret": false
      },
      {
        "type": "Hex High Entropy String",
        "filename": "quality\\v10-s2r2-n9-retest.json",
        "hashed_secret": "3863b3337507b1be06f80ae91bebcbace8c1dafe",
        "is_verified": false,
        "line_number": 375,
        "is_secret": false
      },
      {
        "type": "Hex High Entropy String",
        "filename": "quality\\v10-s2r2-n9-retest.json",
        "hashed_secret": "e9248a7d4528c78323e67784646de70cb423dabd",
        "is_verified": false,
        "line_number": 809,
        "is_secret": false
      },
      {
        "type": "Hex High Entropy String",
        "filename": "quality\\v10-s2r2-n9-retest.json",
        "hashed_secret": "97dc01f52e252c3d2a50ce14356032773889429b",
        "is_verified": false,
        "line_number": 2205,
        "is_secret": false
      },
      {
        "type": "Hex High Entropy String",
        "filename": "quality\\v10-s2r2-n9-retest.json",
        "hashed_secret": "9d2d8bec803d522923797e3fb7288949cab02ff0",
        "is_verified": false,
        "line_number": 1453,
        "is_secret": false
      },
      {
        "type": "Hex High Entropy String",
        "filename": "quality\\v10-s2r2-n9-retest.json",
        "hashed_secret": "4cf0bc7baa0fe060e22894d00c300a4819496972",
        "is_verified": false,
        "line_number": 2461,
        "is_secret": false
      },
      {
        "type": "Hex High Entropy String",
        "filename": "quality\\v10-s2r2-n9-retest.json",
        "hashed_secret": "59e7c61791978c6291f7a1191bb1f5771dd82752",
        "is_verified": false,
        "line_number": 531,
        "is_secret": false
      },
      {
        "type": "Hex High Entropy String",
        "filename": "quality\\v10-s2r2-n9-retest.json",
        "hashed_secret": "f77670979679202e7293ad1e76601a77c470b94f",
        "is_verified": false,
        "line_number": 43,
        "is_secret": false
      },
      {
        "type": "Hex High Entropy String",
        "filename": "quality\\v10-s2r2-n9-retest.json",
        "hashed_secret": "89b1a554c8b31ded5abaf0192cbada85bc689779",
        "is_verified": false,
        "line_number": 20,
        "is_secret": false
      },
      {
        "type": "Hex High Entropy String",
        "filename": "quality\\v10-s2r2-n9-retest.json",
        "hashed_secret": "5d593f16c029ab16cc974fc657443cc8ac4f9b7d",
        "is_verified": false,
        "line_number": 1366,
        "is_secret": false
      },
      {
        "type": "Hex High Entropy String",
        "filename": "quality\\v10-s2r2-n9-retest.json",
        "hashed_secret": "33bb8b9491c308aa81ad2abdf716108a5452a822",
        "is_verified": false,
        "line_number": 1869,
        "is_secret": false
      }
    ],
    "tests\\probe_v10_s6_cei_prewrite.py": [
      {
        "type": "Hex High Entropy String",
        "filename": "tests\\probe_v10_s6_cei_prewrite.py",
        "hashed_secret": "f77670979679202e7293ad1e76601a77c470b94f",
        "is_verified": false,
        "line_number": 199,
        "is_secret": false
      }
    ]
  },
  "generated_at": "2026-09-02T01:49:50Z"
}
